// Jest Snapshot v1, https://jestjs.io/docs/snapshot-testing

exports[`Config Config should return the proper configuration given in the env variable 1`] = `
Config {
  "concurrency": {
    "ble_gateway_processing": "unbounded",
    "mqtt_message_production": "unbounded",
    "mqtt_publishing": "unbounded",
  },
  "decimal_precision": 2,
  "gateway_name": "ble2mqtt",
  "gateway_version": "development",
  "gateways": {
    "base_topic": "mqtt",
    "miflora": {
      "devices": [
        {
          "id": "c47c8d6e07cf",
          "name": "Other Plant",
        },
        {
          "id": "c47c8d6e069c",
          "name": "some_plant",
        },
      ],
      "timeout": 60000,
    },
    "ruuvitag": {
      "allow_unknown": true,
      "devices": [
        {
          "id": "da21045d81a8",
          "model": "environmental",
          "name": "Fridge Ruuvitag",
        },
        {
          "id": "641cae0910b5",
          "model": "environmental",
          "name": "balcony_ruuvitag",
        },
      ],
      "timeout": 30000,
    },
  },
  "homeassistant": {
    "discovery_topic": "homeassistant",
  },
  "log_level": "info",
  "mqtt": {
    "client_id": "c",
    "host": "mqtt.lan.fi",
    "password": "b",
    "port": 8883,
    "protocol": "mqtt",
    "username": "a",
  },
  "unavailable_devices_check_interval_ms": 10000,
}
`;
