// Jest Snapshot v1, https://goo.gl/fbAQLP

exports[`Config getConfiguration() should return the proper configuration given in the env variable 1`] = `
Object {
  "gateways": Object {
    "base_topic": "mqtt",
    "ruuvitag": Object {
      "allow_unknown": true,
      "devices": Array [
        Object {
          "id": "da21045d81a8",
          "name": "fridge_ruuvitag",
        },
        Object {
          "id": "641cae0910b5",
          "name": "balcony_ruuvitag",
        },
      ],
      "timeout": 30000,
    },
  },
  "homeassistant": Object {
    "discovery_topic": "homeassistant",
  },
  "mqtt": Object {
    "client_id": "c",
    "host": "mqtt.lan.fi",
    "password": "b",
    "port": 8883,
    "protocol": "mqtt",
    "username": "a",
  },
}
`;
